# This file was generated by approval_tests. Please do not edit.

MyApp: {count: 1}
MyHomePage: {count: 1}
Text: {data: 'You have pushed the button this many times:', count: 1}
Text: {key: 'Counter', data: '0', count: 1}
Text: {data: 'Approved Example', count: 1}