# This file was generated by approval_tests. Please do not edit.

Text: {key: 'Counter', data: '3', count: 1}
Text: {key: 'Counter', data: '0', count: 0}