{
  "name": "JsonTest",
  "features": [
    "Testing",
    "JSON"
  ],
  "version": 0.1
}