{
  "item": {
    "id": 1,
    "name": "Widget",
    "subItem": {
      "id": 1,
      "name": "SubWidget",
      "anotherItems": [
        {
          "id": 1,
          "name": "AnotherWidget1"
        },
        {
          "id": 2,
          "name": "AnotherWidget2"
        }
      ]
    },
    "anotherItem": {
      "id": 1,
      "name": "AnotherWidget"
    }
  }
}