# This file was generated by approval_tests. Please do not edit.

[1, 2, Fizz]
[1, 2, Fizz, 4, Buzz]
[1, 2, Fizz, 4, Buzz, Fizz, 7, 8, Fizz, Buzz, 11, Fizz, 13, 14, FizzBuzz]