# This file was generated by approval_tests. Please do not edit.

{
  "userId": 1,
  "id": 1,
  "title": "delectus aut autem",
  "completed": false
}