# This file was generated by approval_tests. Please do not edit.

{"id": "1", "name": "John Doe", "email": "john@example.com"}