# This file was generated by approval_tests. Please do not edit.

1
2
3