# This file was generated by approval_tests. Please do not edit.

Hello World
Hello World