# This file was generated by approval_tests. Please do not edit.

Combination: [1, 3], [1, 4], [2, 3], [2, 4]