{"result": "success", "data": {"id": 1, "name": "Item"}}