# This file was generated by approval_tests. Please do not edit.

{"result": "success", "data": {"id": 1, "name": "Item"}}