# This file was generated by approval_tests. Please do not edit.

Item: apple
Item: banana
Item: cherry