# This file was generated by approval_tests. Please do not edit.

{
  "id": 2,
  "name": "Second"
}