# This file was generated by approval_tests. Please do not edit.

{
  "name": "JsonTest",
  "features": [
    "Testing",
    "JSON"
  ],
  "version": 0.1
}