# This file was generated by approval_tests. Please do not edit.

<date1>
<date2>