# This file was generated by approval_tests. Please do not edit.

{
  "message": "Hello World"
}